// Jest Snapshot v1, https://goo.gl/fbAQLP

exports[`<AttackBreakdownModal /> displays content successfully when open 1`] = `
<body>
  <div />
  <div
    id="headlessui-portal-root"
  >
    <div
      data-headlessui-portal=""
    >
      <button
        aria-hidden="true"
        data-headlessui-focus-guard="true"
        style="position: fixed; top: 1px; left: 1px; width: 1px; height: 0px; padding: 0px; margin: -1px; overflow: hidden; clip: rect(0px, 0px, 0px, 0px); white-space: nowrap; border-width: 0px;"
        type="button"
      />
      <div>
        <div
          aria-modal="true"
          class="relative"
          data-headlessui-state="open"
          data-open=""
          id="headlessui-dialog-:r0:"
          role="dialog"
          tabindex="-1"
        >
          <div
            aria-hidden="true"
            class="fixed inset-0 bg-modal-backdrop"
            data-headlessui-state="open"
            data-open=""
          />
          <div
            class="flex flex-col fixed inset-0 w-screen items-center justify-center"
          >
            <div
              data-headlessui-state="open"
              data-open=""
              id="headlessui-dialog-panel-:r7:"
            >
              <div
                class="py-4 pl-4 pr-7"
              >
                <div
                  class="max-h-[80vh] lg:max-h-none overflow-auto p-4 md:p-10 bg-brand-70 app-box-shadow relative"
                >
                  <div
                    class="flex flex-row items-center mb-4 border-b border-b-brand-50 pb-3 justify-between"
                  >
                    <p
                      class="font-primary text-3xl leading-3xl text-brand-20"
                    >
                      Attack breakdown
                    </p>
                    <button
                      class="hover-with-active flex items-center"
                      type="button"
                    >
                      <i
                        class="hn hn-times text-brand-30 text-xl leading-5"
                      />
                    </button>
                  </div>
                  <div
                    class="font-secondary text-lg leading-6 text-brand-30"
                  >
                    <div
                      class="lg:w-[960px]"
                    >
                      <div
                        class="uppercase text-lg leading-6 text-brand-30 mb-6"
                      >
                        <p>
                          Token: 
                          TRUMP
                        </p>
                        <p>
                          Date: 
                          2024-03-26 12:00 GMT+0
                        </p>
                      </div>
                      <div
                        class="flex flex-row justify-between items-center p-5 bg-brand-60 mb-6"
                      >
                        <div
                          class="uppercase"
                        >
                          <p
                            class="text-3xl leading-9 text-brand-20"
                          >
                            30 SOL
                          </p>
                          <p
                            class="text-lg leading-6 text-brand-30"
                          >
                            Total lost
                          </p>
                        </div>
                        <div
                          class="uppercase"
                        >
                          <p
                            class="text-3xl leading-9 text-brand-20"
                          >
                            30%
                          </p>
                          <p
                            class="text-lg leading-6 text-brand-30"
                          >
                            Extracted
                          </p>
                        </div>
                        <div
                          class="uppercase"
                        >
                          <p
                            class="text-3xl leading-9 text-brand-20"
                          >
                            100 SOL
                          </p>
                          <p
                            class="text-lg leading-6 text-brand-30"
                          >
                            TX size
                          </p>
                        </div>
                      </div>
                      <div
                        class="relative"
                      >
                        <span
                          class="w-px h-full absolute left-[11.5px] max-md:hidden top-0 bg-brand-50"
                        />
                        <div
                          class="md:flex flex-row items-center w-full gap-x-[7px] md:mb-6 relative uppercase text-lg leading-5 group"
                        >
                          <span
                            class="hidden md:group-first-of-type:block absolute top-0 left-0 bg-brand-70 h-1/2 w-full"
                          />
                          <span
                            class="hidden md:group-last-of-type:block absolute bottom-0 left-0 bg-brand-70 h-1/2 w-full"
                          />
                          <div
                            class="text-brand-20 md:w-[264px] flex flex-row items-center justify-center py-[18px] bg-brand-70 relative"
                          >
                            <i
                              class="text-[22px] hn mr-4 hn-exclamation-triangle-solid"
                            />
                            <p>
                              Frontrun Attack
                            </p>
                            <span
                              class="max-md:hidden ml-[5px] h-px w-[74px] bg-brand-50 flex-1"
                            />
                          </div>
                          <div
                            class=" text-brand-30 border border-brand-60 p-5 flex-1 relative"
                          >
                            <p
                              class="text-brand-20"
                            >
                              Attacker buys TRUMP tokens to drive up price
                            </p>
                            <p>
                              someSignature
                            </p>
                            <a
                              class="underline"
                              href="#"
                              target="_blank"
                              title="View Transaction"
                            >
                              View TX
                            </a>
                          </div>
                          <span
                            class="block group-last-of-type:hidden md:hidden w-px mt-4 h-8 mx-auto bg-brand-50"
                          />
                        </div>
                        <div
                          class="md:flex flex-row items-center w-full gap-x-[7px] md:mb-6 relative uppercase text-lg leading-5 group"
                        >
                          <span
                            class="hidden md:group-first-of-type:block absolute top-0 left-0 bg-brand-70 h-1/2 w-full"
                          />
                          <span
                            class="hidden md:group-last-of-type:block absolute bottom-0 left-0 bg-brand-70 h-1/2 w-full"
                          />
                          <div
                            class="text-brand-20 md:w-[264px] flex flex-row items-center justify-center py-[18px] bg-brand-70 relative"
                          >
                            <i
                              class="text-[22px] hn mr-4 hn-refresh-solid"
                            />
                            <p>
                              Victim Transaction
                            </p>
                            <span
                              class="max-md:hidden ml-[5px] h-px w-[74px] bg-brand-50 flex-1"
                            />
                          </div>
                          <div
                            class=" text-brand-30 border border-brand-60 p-5 flex-1 relative"
                          >
                            <p
                              class="text-brand-20"
                            >
                              Swap: 100 SOL → TRUMP – executed at inflated price
                            </p>
                            <p>
                              someSignature
                            </p>
                            <a
                              class="underline"
                              href="#"
                              target="_blank"
                              title="View Transaction"
                            >
                              View TX
                            </a>
                          </div>
                          <span
                            class="block group-last-of-type:hidden md:hidden w-px mt-4 h-8 mx-auto bg-brand-50"
                          />
                        </div>
                        <div
                          class="md:flex flex-row items-center w-full gap-x-[7px] md:mb-6 relative uppercase text-lg leading-5 group"
                        >
                          <span
                            class="hidden md:group-first-of-type:block absolute top-0 left-0 bg-brand-70 h-1/2 w-full"
                          />
                          <span
                            class="hidden md:group-last-of-type:block absolute bottom-0 left-0 bg-brand-70 h-1/2 w-full"
                          />
                          <div
                            class="text-brand-20 md:w-[264px] flex flex-row items-center justify-center py-[18px] bg-brand-70 relative"
                          >
                            <i
                              class="text-[22px] hn mr-4 hn-exclamation-triangle-solid"
                            />
                            <p>
                              Backrun Attack
                            </p>
                            <span
                              class="max-md:hidden ml-[5px] h-px w-[74px] bg-brand-50 flex-1"
                            />
                          </div>
                          <div
                            class=" text-brand-30 border border-brand-60 p-5 flex-1 relative"
                          >
                            <p
                              class="text-brand-20"
                            >
                              Attacker sells TRUMP tokens at peak price – value extracted: 30 SOL
                            </p>
                            <p>
                              someSignature
                            </p>
                            <a
                              class="underline"
                              href="#"
                              target="_blank"
                              title="View Transaction"
                            >
                              View TX
                            </a>
                          </div>
                          <span
                            class="block group-last-of-type:hidden md:hidden w-px mt-4 h-8 mx-auto bg-brand-50"
                          />
                        </div>
                      </div>
                    </div>
                  </div>
                </div>
              </div>
            </div>
          </div>
        </div>
      </div>
      <button
        aria-hidden="true"
        data-headlessui-focus-guard="true"
        style="position: fixed; top: 1px; left: 1px; width: 1px; height: 0px; padding: 0px; margin: -1px; overflow: hidden; clip: rect(0px, 0px, 0px, 0px); white-space: nowrap; border-width: 0px;"
        type="button"
      />
    </div>
  </div>
</body>
`;

exports[`<AttackBreakdownModal /> does not display content when closed 1`] = `
<body>
  <div />
</body>
`;
