// Jest Snapshot v1, https://goo.gl/fbAQLP

exports[`<MevExtractionsHappeningNow /> renders successfully 1`] = `
<body>
  <div>
    <div>
      <h2
        class="text-3xl uppercase text-brand-30 font-primary mb-4"
      >
        Mev Extraction 
        <span
          class="text-brand-20"
        >
          Happening Now
        </span>
      </h2>
      <div
        class="flex gap-4 flex-col md:flex-row"
      >
        <div
          class="flex-1"
        >
          <div
            class="flex flex-col bg-brand-60 gap-[16px] p-[16px] h-full"
          >
            <div
              class="text-body-2 text-brand-30"
            >
              Today's Drain
            </div>
            <div
              class="flex flex-col gap-1 py-0.5"
            >
              <div
                class="text-body text-brand-20"
              >
                1
                 
                SOL
              </div>
              <div
                class="text-body-2 text-brand-30"
              >
                11
                 USDC
              </div>
            </div>
          </div>
        </div>
        <div
          class="flex-1"
        >
          <div
            class="flex flex-col bg-brand-60 gap-[16px] p-[16px] h-full"
          >
            <div
              class="text-body-2 text-brand-30"
            >
              7D Total MEV
            </div>
            <div
              class="flex flex-col gap-1 py-0.5"
            >
              <div
                class="text-body text-brand-20"
              >
                1
                 
                SOL
              </div>
              <div
                class="text-body-2 text-brand-30"
              >
                1
                 USDC
              </div>
            </div>
          </div>
        </div>
        <div
          class="flex-1"
        >
          <div
            class="flex flex-col bg-brand-60 gap-[16px] p-[16px] h-full"
          >
            <div
              class="text-body-2 text-brand-30"
            >
              Attacks Today
            </div>
            <div
              class="flex flex-col gap-1 py-0.5"
            >
              <div
                class="text-body text-brand-20"
              >
                1
              </div>
              <div
                class="text-body-2 text-brand-30"
              >
                1
                 this week
              </div>
            </div>
          </div>
        </div>
      </div>
    </div>
  </div>
</body>
`;
